[2025-10-22 23:34:38.121] [info]  No state version found, assuming empty state.
[2025-10-22 23:34:38.359] [info]  Coredumps are disabled in renderer process
[2025-10-22 23:34:38.359] [info]  Disabling memory dumps in main process
[2025-10-22 23:34:39.100] [info]  [Native Messaging IPC] Clearing connected apps
[2025-10-22 23:34:39.101] [info]  State version: 72
[2025-10-22 23:34:39.194] [info]  Retrieving application id
[2025-10-22 23:34:57.552] [info]  Retrieving application id
[2025-10-22 23:34:57.556] [info]  Retrieving application id
[2025-10-22 23:35:05.443] [info]  Retrieving application id
[2025-10-22 23:35:06.145] [info]  [KeyService] Deriving master key took 331ms
[2025-10-22 23:35:06.149] [info]  Retrieving application id
[2025-10-22 23:35:48.954] [error] [Credential Storage Listener] getPassword failed Error: service error org.freedesktop.zbus.Error: The name is not activatable
[2025-10-22 23:35:48.957] [error] [Credential Storage Listener] setPassword failed Error: DBus error service error org.freedesktop.zbus.Error: The name is not activatable
[2025-10-22 23:35:48.959] [error] [Credential Storage Listener] getPassword failed Error: service error org.freedesktop.zbus.Error: The name is not activatable
[2025-10-22 23:35:48.959] [error] SetAccessToken: storing encrypted access token in secure storage failed. Falling back to disk storage. Error: New Access token key unable to be retrieved from secure storage.
[2025-10-22 23:35:48.964] [error] [Credential Storage Listener] setPassword failed Error: DBus error service error org.freedesktop.zbus.Error: The name is not activatable
[2025-10-22 23:35:48.966] [error] [Credential Storage Listener] getPassword failed Error: service error org.freedesktop.zbus.Error: The name is not activatable
[2025-10-22 23:35:48.967] [error] SetRefreshToken: storing refresh token in secure storage failed. Falling back to disk storage. Error: Refresh token failed to save to secure storage.
[2025-10-22 23:35:49.012] [info]  Using SignalR for notifications
[2025-10-22 23:35:49.017] [error] [Credential Storage Listener] getPassword failed Error: service error org.freedesktop.zbus.Error: The name is not activatable
[2025-10-22 23:35:49.021] [error] [Credential Storage Listener] getPassword failed Error: service error org.freedesktop.zbus.Error: The name is not activatable
[2025-10-22 23:35:49.021] [error] [Credential Storage Listener] getPassword failed Error: service error org.freedesktop.zbus.Error: The name is not activatable
[2025-10-22 23:35:49.024] [error] [Credential Storage Listener] getPassword failed Error: service error org.freedesktop.zbus.Error: The name is not activatable
[2025-10-22 23:35:49.032] [error] [Credential Storage Listener] getPassword failed Error: service error org.freedesktop.zbus.Error: The name is not activatable
[2025-10-22 23:35:49.034] [error] [Credential Storage Listener] deletePassword failed Error: DBus error service error org.freedesktop.zbus.Error: The name is not activatable
[2025-10-22 23:35:49.054] [error] [Credential Storage Listener] getPassword failed Error: service error org.freedesktop.zbus.Error: The name is not activatable
[2025-10-22 23:35:49.056] [error] [Credential Storage Listener] getPassword failed Error: service error org.freedesktop.zbus.Error: The name is not activatable
[2025-10-22 23:35:49.248] [info]  [SignalR] WebSocket connected to wss://notifications.bitwarden.com/hub?access_token=[REDACTED]
[2025-10-22 23:35:49.248] [info]  [SignalR] Using HubProtocol 'messagepack'.
[2025-10-22 23:35:49.441] [error] [Credential Storage Listener] getPassword failed Error: service error org.freedesktop.zbus.Error: The name is not activatable
[2025-10-22 23:35:49.448] [info]  [SearchService]: isSearchable took 2.7000000029802322 undefined
[2025-10-22 23:35:49.450] [error] [Credential Storage Listener] getPassword failed Error: service error org.freedesktop.zbus.Error: The name is not activatable
[2025-10-22 23:35:49.457] [error] [Credential Storage Listener] getPassword failed Error: service error org.freedesktop.zbus.Error: The name is not activatable
[2025-10-22 23:35:49.500] [error] [Credential Storage Listener] getPassword failed Error: service error org.freedesktop.zbus.Error: The name is not activatable
[2025-10-22 23:35:49.574] [info]  [CipherService]: decrypt complete took 23.700000002980232 [ [ 'Items', 242 ] ]
[2025-10-22 23:35:49.648] [info]  [SearchService]: index complete took 69.80000001192093 [ [ 'Items', 242 ] ]
[2025-10-22 23:35:49.677] [info]  [SearchService]: isSearchable took 3 undefined
[2025-10-22 23:35:49.692] [info]  [SearchService]: index complete took 16.299999997019768 [ [ 'Items', 242 ] ]
[2025-10-22 23:35:49.732] [info]  [SearchService]: isSearchable took 3.2999999970197678 undefined
[2025-10-22 23:35:53.918] [info]  [SearchService]: isSearchable took 3.4000000059604645 undefined
[2025-10-22 23:35:59.252] [info]  [SearchService]: isSearchable took 5 undefined
[2025-10-22 23:36:00.849] [info]  [SearchService]: isSearchable took 3.8999999910593033 undefined
[2025-10-22 23:36:02.694] [info]  [SearchService]: isSearchable took 3.8999999910593033 undefined
[2025-10-22 23:36:03.201] [info]  [SearchService]: isSearchable took 2.2000000029802322 undefined
[2025-10-22 23:36:34.043] [error] [Credential Storage Listener] getPassword failed Error: service error org.freedesktop.zbus.Error: The name is not activatable
[2025-10-22 23:36:34.045] [error] [Credential Storage Listener] getPassword failed Error: service error org.freedesktop.zbus.Error: The name is not activatable
[2025-10-22 23:36:34.285] [error] [Credential Storage Listener] getPassword failed Error: service error org.freedesktop.zbus.Error: The name is not activatable
[2025-10-22 23:36:34.287] [error] [Credential Storage Listener] getPassword failed Error: service error org.freedesktop.zbus.Error: The name is not activatable
[2025-10-22 23:36:34.481] [info]  [SearchService]: isSearchable took 5.200000002980232 undefined
[2025-10-22 23:36:36.108] [info]  Retrieving application id
[2025-10-22 23:37:34.502] [error] [Credential Storage Listener] getPassword failed Error: service error org.freedesktop.zbus.Error: The name is not activatable
[2025-10-22 23:37:34.505] [error] [Credential Storage Listener] getPassword failed Error: service error org.freedesktop.zbus.Error: The name is not activatable
[2025-10-22 23:37:34.617] [info]  [SearchService]: isSearchable took 4.899999991059303 undefined
[2025-10-22 23:37:34.652] [info]  [SearchService]: isSearchable took 2.0999999940395355 undefined
[2025-10-22 23:37:34.654] [info]  [SearchService]: isSearchable took 1.7999999970197678 undefined
[2025-10-22 23:37:34.656] [info]  [SearchService]: isSearchable took 2.5 undefined
[2025-10-22 23:37:34.660] [info]  [SearchService]: isSearchable took 1.9000000059604645 undefined
[2025-10-22 23:37:34.695] [info]  [CipherService]: decrypt complete took 13.899999991059303 [ [ 'Items', 243 ] ]
[2025-10-22 23:37:34.715] [info]  [SearchService]: index complete took 16.5 [ [ 'Items', 243 ] ]
[2025-10-22 23:37:34.718] [info]  [SearchService]: isSearchable took 2.5999999940395355 undefined
[2025-10-22 23:37:34.731] [info]  [SearchService]: isSearchable took 3.2000000029802322 undefined
[2025-10-22 23:37:34.745] [info]  [SearchService]: index complete took 13.700000002980232 [ [ 'Items', 243 ] ]
[2025-10-22 23:37:35.998] [info]  Retrieving application id
[2025-10-22 23:37:48.555] [info]  [SearchService]: isSearchable took 7.799999997019768 undefined
[2025-10-22 23:37:50.638] [info]  [SearchService]: isSearchable took 6.200000002980232 undefined
[2025-10-22 23:37:52.212] [info]  [SearchService]: isSearchable took 5.5999999940395355 undefined
[2025-10-22 23:37:52.802] [info]  [SearchService]: isSearchable took 2.800000011920929 undefined
[2025-10-22 23:37:55.936] [error] Unhandled error in angular Error: Cannot use 'in' operator to search for 'card' in null
[2025-10-22 23:42:02.630] [error] [Credential Storage Listener] getPassword failed Error: service error org.freedesktop.zbus.Error: The name is not activatable
[2025-10-22 23:42:02.632] [error] [Credential Storage Listener] getPassword failed Error: service error org.freedesktop.zbus.Error: The name is not activatable
[2025-10-22 23:42:02.770] [info]  [SearchService]: isSearchable took 5.9000000059604645 undefined
[2025-10-22 23:42:02.794] [info]  [SearchService]: isSearchable took 2.5999999940395355 undefined
[2025-10-22 23:42:02.796] [info]  [SearchService]: isSearchable took 2.0999999940395355 undefined
[2025-10-22 23:42:02.799] [info]  [SearchService]: isSearchable took 2.7000000029802322 undefined
[2025-10-22 23:42:02.805] [info]  [SearchService]: isSearchable took 2.800000011920929 undefined
[2025-10-22 23:42:02.847] [info]  [CipherService]: decrypt complete took 13 [ [ 'Items', 244 ] ]
[2025-10-22 23:42:02.870] [info]  [SearchService]: index complete took 19.599999994039536 [ [ 'Items', 244 ] ]
[2025-10-22 23:42:02.874] [info]  [SearchService]: isSearchable took 3.4000000059604645 undefined
[2025-10-22 23:42:02.895] [info]  [SearchService]: isSearchable took 2.1000000089406967 undefined
[2025-10-22 23:42:02.912] [info]  [SearchService]: index complete took 17 [ [ 'Items', 244 ] ]
[2025-10-22 23:42:03.590] [info]  Retrieving application id
[2025-10-22 23:42:09.042] [info]  [SearchService]: isSearchable took 4 undefined
[2025-10-22 23:42:10.249] [info]  [SearchService]: isSearchable took 3.7999999970197678 undefined
[2025-10-22 23:42:13.034] [info]  [SearchService]: isSearchable took 5.700000002980232 undefined
[2025-10-22 23:42:15.412] [error] [Credential Storage Listener] getPassword failed Error: service error org.freedesktop.zbus.Error: The name is not activatable
[2025-10-22 23:42:15.425] [info]  [SearchService]: isSearchable took 8.399999991059303 undefined
[2025-10-22 23:43:24.600] [info]  [Pin Service] deriving pin key took 320ms
[2025-10-22 23:43:44.089] [info]  [Native Messaging IPC] Browser integration fingerprint validation is disabled, untrusting all connected apps
[2025-10-22 23:43:44.089] [info]  Native messaging server started at: /home/nrd/.cache/com.bitwarden.desktop/app.bitwarden
[2025-10-22 23:43:44.091] [warn]  Chrome not found, skipping.
[2025-10-22 23:43:44.091] [warn]  Chromium not found, skipping.
[2025-10-22 23:43:44.091] [warn]  Microsoft Edge not found, skipping.
[2025-10-22 23:43:58.567] [info]  SSH agent started
[2025-10-22 23:44:26.410] [error] [Credential Storage Listener] getPassword failed Error: service error org.freedesktop.zbus.Error: The name is not activatable
[2025-10-22 23:44:26.424] [info]  [SearchService]: isSearchable took 11.700000002980232 undefined
[2025-10-22 23:44:26.424] [info]  [SearchService]: isSearchable took 9.799999997019768 undefined
[2025-10-22 23:44:26.436] [info]  [SearchService]: isSearchable took 11.299999997019768 undefined
[2025-10-22 23:44:26.436] [info]  [SearchService]: isSearchable took 3.4000000059604645 undefined
[2025-10-22 23:44:26.438] [error] [Credential Storage Listener] getPassword failed Error: service error org.freedesktop.zbus.Error: The name is not activatable
[2025-10-22 23:44:26.451] [error] [Credential Storage Listener] getPassword failed Error: service error org.freedesktop.zbus.Error: The name is not activatable
[2025-10-22 23:44:29.192] [info]  [SearchService]: isSearchable took 4 undefined
[2025-10-22 23:44:47.061] [info]  [SearchService]: isSearchable took 7.299999997019768 undefined
[2025-10-22 23:45:37.259] [error] [Credential Storage Listener] getPassword failed Error: service error org.freedesktop.zbus.Error: The name is not activatable
[2025-10-22 23:45:37.262] [error] [Credential Storage Listener] getPassword failed Error: service error org.freedesktop.zbus.Error: The name is not activatable
[2025-10-22 23:45:37.412] [info]  [SearchService]: isSearchable took 6.4000000059604645 undefined
[2025-10-22 23:45:37.443] [info]  [SearchService]: isSearchable took 2.7000000029802322 undefined
[2025-10-22 23:45:37.472] [info]  [CipherService]: decrypt complete took 14.099999994039536 [ [ 'Items', 244 ] ]
[2025-10-22 23:45:37.494] [info]  [SearchService]: index complete took 18.700000002980232 [ [ 'Items', 244 ] ]
[2025-10-22 23:45:37.497] [info]  [SearchService]: isSearchable took 3 undefined
[2025-10-22 23:45:37.510] [info]  [SearchService]: isSearchable took 7.299999997019768 undefined
[2025-10-22 23:45:37.526] [info]  [SearchService]: index complete took 15.600000008940697 [ [ 'Items', 244 ] ]
[2025-10-22 23:45:38.837] [info]  Retrieving application id
[2025-10-22 23:45:57.883] [error] [Credential Storage Listener] getPassword failed Error: service error org.freedesktop.zbus.Error: The name is not activatable
[2025-10-22 23:45:57.888] [error] [Credential Storage Listener] getPassword failed Error: service error org.freedesktop.zbus.Error: The name is not activatable
[2025-10-22 23:45:58.187] [info]  [SearchService]: isSearchable took 6.399999991059303 undefined
[2025-10-22 23:45:58.235] [info]  [CipherService]: decrypt complete took 13.299999997019768 [ [ 'Items', 244 ] ]
[2025-10-22 23:45:58.255] [info]  [SearchService]: index complete took 16.900000005960464 [ [ 'Items', 244 ] ]
[2025-10-22 23:45:58.259] [info]  [SearchService]: isSearchable took 3.9000000059604645 undefined
[2025-10-22 23:45:58.269] [info]  [SearchService]: isSearchable took 5.399999991059303 undefined
[2025-10-22 23:45:58.269] [info]  [SearchService]: isSearchable took 2.6000000089406967 undefined
[2025-10-22 23:45:58.296] [info]  [SearchService]: isSearchable took 2.5 undefined
[2025-10-22 23:45:58.298] [info]  [SearchService]: isSearchable took 2.0999999940395355 undefined
[2025-10-22 23:45:58.301] [info]  [SearchService]: index complete took 32.5 [ [ 'Items', 244 ] ]
[2025-10-22 23:45:58.302] [info]  [SearchService]: isSearchable took 2.2999999970197678 undefined
[2025-10-22 23:45:59.321] [info]  Retrieving application id
[2025-10-22 23:45:59.326] [error] [Credential Storage Listener] getPassword failed Error: service error org.freedesktop.zbus.Error: The name is not activatable
[2025-10-22 23:45:59.328] [error] [Credential Storage Listener] getPassword failed Error: service error org.freedesktop.zbus.Error: The name is not activatable
[2025-10-22 23:45:59.732] [error] [Credential Storage Listener] getPassword failed Error: service error org.freedesktop.zbus.Error: The name is not activatable
[2025-10-22 23:46:00.145] [error] [Credential Storage Listener] getPassword failed Error: service error org.freedesktop.zbus.Error: The name is not activatable
[2025-10-22 23:46:00.146] [error] [Credential Storage Listener] setPassword failed Error: DBus error service error org.freedesktop.zbus.Error: The name is not activatable
[2025-10-22 23:46:00.149] [error] [Credential Storage Listener] getPassword failed Error: service error org.freedesktop.zbus.Error: The name is not activatable
[2025-10-22 23:46:00.149] [error] SetAccessToken: storing encrypted access token in secure storage failed. Falling back to disk storage. Error: New Access token key unable to be retrieved from secure storage.
[2025-10-22 23:46:00.159] [error] [Credential Storage Listener] setPassword failed Error: DBus error service error org.freedesktop.zbus.Error: The name is not activatable
[2025-10-22 23:46:00.161] [error] [Credential Storage Listener] getPassword failed Error: service error org.freedesktop.zbus.Error: The name is not activatable
[2025-10-22 23:46:00.161] [error] SetRefreshToken: storing refresh token in secure storage failed. Falling back to disk storage. Error: Refresh token failed to save to secure storage.
[2025-10-22 23:46:00.171] [error] [Credential Storage Listener] getPassword failed Error: service error org.freedesktop.zbus.Error: The name is not activatable
[2025-10-22 23:46:00.173] [error] [Credential Storage Listener] getPassword failed Error: service error org.freedesktop.zbus.Error: The name is not activatable
[2025-10-22 23:46:00.449] [info]  [CipherService]: decrypt complete took 11.799999997019768 [ [ 'Items', 244 ] ]
[2025-10-22 23:46:00.468] [info]  [SearchService]: index complete took 15.600000008940697 [ [ 'Items', 244 ] ]
[2025-10-22 23:46:00.471] [info]  [SearchService]: isSearchable took 3.3999999910593033 undefined
[2025-10-22 23:46:00.481] [info]  [SearchService]: isSearchable took 3.2999999970197678 undefined
[2025-10-22 23:46:00.503] [info]  [SearchService]: index complete took 21.5 [ [ 'Items', 244 ] ]
[2025-10-22 23:46:00.526] [info]  [SearchService]: isSearchable took 2.4000000059604645 undefined
[2025-10-22 23:46:00.539] [info]  [SearchService]: index complete took 13.400000005960464 [ [ 'Items', 244 ] ]
[2025-10-22 23:46:00.564] [info]  [SearchService]: isSearchable took 2.7000000029802322 undefined
[2025-10-22 23:46:00.579] [info]  [SearchService]: index complete took 15.700000002980232 [ [ 'Items', 244 ] ]
[2025-10-22 23:46:00.625] [info]  [SearchService]: isSearchable took 4.899999991059303 undefined
[2025-10-22 23:46:00.625] [info]  [SearchService]: isSearchable took 2.0999999940395355 undefined
[2025-10-22 23:46:00.628] [error] [Credential Storage Listener] getPassword failed Error: service error org.freedesktop.zbus.Error: The name is not activatable
[2025-10-22 23:46:00.655] [info]  [SearchService]: isSearchable took 2.0999999940395355 undefined
[2025-10-22 23:46:00.692] [info]  [CipherService]: decrypt complete took 11.200000002980232 [ [ 'Items', 244 ] ]
[2025-10-22 23:46:00.711] [info]  [SearchService]: index complete took 15.099999994039536 [ [ 'Items', 244 ] ]
[2025-10-22 23:46:00.714] [info]  [SearchService]: isSearchable took 2.7999999970197678 undefined
[2025-10-22 23:46:00.726] [info]  [SearchService]: isSearchable took 2.1000000089406967 undefined
[2025-10-22 23:46:00.739] [info]  [SearchService]: index complete took 12.899999991059303 [ [ 'Items', 244 ] ]
[2025-10-22 23:46:00.757] [info]  [SearchService]: isSearchable took 2.699999988079071 undefined
[2025-10-22 23:46:00.769] [info]  [SearchService]: isSearchable took 4.799999997019768 undefined
[2025-10-22 23:46:01.954] [info]  [SearchService]: isSearchable took 4.0999999940395355 undefined
[2025-10-22 23:46:04.459] [info]  [SearchService]: isSearchable took 3.5 undefined
[2025-10-23 00:48:30.297] [info]  State version: 72
[2025-10-23 00:48:30.301] [info]  Migrator MinVersionMigrator (to version 3) should migrate: false - up
[2025-10-23 00:48:30.301] [info]  Migrator RemoveEverBeenUnlockedMigrator (to version 4) should migrate: false - up
[2025-10-23 00:48:30.301] [info]  Migrator AddKeyTypeToOrgKeysMigrator (to version 5) should migrate: false - up
[2025-10-23 00:48:30.301] [info]  Migrator RemoveLegacyEtmKeyMigrator (to version 6) should migrate: false - up
[2025-10-23 00:48:30.301] [info]  Migrator MoveBiometricAutoPromptToAccount (to version 7) should migrate: false - up
[2025-10-23 00:48:30.301] [info]  Migrator MoveStateVersionMigrator (to version 8) should migrate: false - up
[2025-10-23 00:48:30.302] [info]  Migrator MoveBrowserSettingsToGlobal (to version 9) should migrate: false - up
[2025-10-23 00:48:30.302] [info]  Migrator EverHadUserKeyMigrator (to version 10) should migrate: false - up
[2025-10-23 00:48:30.302] [info]  Migrator OrganizationKeyMigrator (to version 11) should migrate: false - up
[2025-10-23 00:48:30.302] [info]  Migrator MoveEnvironmentStateToProviders (to version 12) should migrate: false - up
[2025-10-23 00:48:30.302] [info]  Migrator ProviderKeyMigrator (to version 13) should migrate: false - up
[2025-10-23 00:48:30.302] [info]  Migrator MoveBiometricClientKeyHalfToStateProviders (to version 14) should migrate: false - up
[2025-10-23 00:48:30.302] [info]  Migrator FolderMigrator (to version 15) should migrate: false - up
[2025-10-23 00:48:30.302] [info]  Migrator LastSyncMigrator (to version 16) should migrate: false - up
[2025-10-23 00:48:30.302] [info]  Migrator EnablePasskeysMigrator (to version 17) should migrate: false - up
[2025-10-23 00:48:30.302] [info]  Migrator AutofillSettingsKeyMigrator (to version 18) should migrate: false - up
[2025-10-23 00:48:30.302] [info]  Migrator RequirePasswordOnStartMigrator (to version 19) should migrate: false - up
[2025-10-23 00:48:30.302] [info]  Migrator PrivateKeyMigrator (to version 20) should migrate: false - up
[2025-10-23 00:48:30.302] [info]  Migrator CollectionMigrator (to version 21) should migrate: false - up
[2025-10-23 00:48:30.302] [info]  Migrator CollapsedGroupingsMigrator (to version 22) should migrate: false - up
[2025-10-23 00:48:30.302] [info]  Migrator MoveBiometricPromptsToStateProviders (to version 23) should migrate: false - up
[2025-10-23 00:48:30.302] [info]  Migrator SmOnboardingTasksMigrator (to version 24) should migrate: false - up
[2025-10-23 00:48:30.302] [info]  Migrator ClearClipboardDelayMigrator (to version 25) should migrate: false - up
[2025-10-23 00:48:30.302] [info]  Migrator RevertLastSyncMigrator (to version 26) should migrate: false - up
[2025-10-23 00:48:30.302] [info]  Migrator BadgeSettingsMigrator (to version 27) should migrate: false - up
[2025-10-23 00:48:30.302] [info]  Migrator MoveBiometricUnlockToStateProviders (to version 28) should migrate: false - up
[2025-10-23 00:48:30.302] [info]  Migrator UserNotificationSettingsKeyMigrator (to version 29) should migrate: false - up
[2025-10-23 00:48:30.302] [info]  Migrator PolicyMigrator (to version 30) should migrate: false - up
[2025-10-23 00:48:30.302] [info]  Migrator EnableContextMenuMigrator (to version 31) should migrate: false - up
[2025-10-23 00:48:30.303] [info]  Migrator PreferredLanguageMigrator (to version 32) should migrate: false - up
[2025-10-23 00:48:30.303] [info]  Migrator AppIdMigrator (to version 33) should migrate: false - up
[2025-10-23 00:48:30.303] [info]  Migrator DomainSettingsMigrator (to version 34) should migrate: false - up
[2025-10-23 00:48:30.303] [info]  Migrator MoveThemeToStateProviderMigrator (to version 35) should migrate: false - up
[2025-10-23 00:48:30.303] [info]  Migrator VaultSettingsKeyMigrator (to version 36) should migrate: false - up
[2025-10-23 00:48:30.303] [info]  Migrator AvatarColorMigrator (to version 37) should migrate: false - up
[2025-10-23 00:48:30.303] [info]  Migrator TokenServiceStateProviderMigrator (to version 38) should migrate: false - up
[2025-10-23 00:48:30.303] [info]  Migrator MoveBillingAccountProfileMigrator (to version 39) should migrate: false - up
[2025-10-23 00:48:30.303] [info]  Migrator OrganizationMigrator (to version 40) should migrate: false - up
[2025-10-23 00:48:30.303] [info]  Migrator EventCollectionMigrator (to version 41) should migrate: false - up
[2025-10-23 00:48:30.303] [info]  Migrator EnableFaviconMigrator (to version 42) should migrate: false - up
[2025-10-23 00:48:30.303] [info]  Migrator AutoConfirmFingerPrintsMigrator (to version 43) should migrate: false - up
[2025-10-23 00:48:30.303] [info]  Migrator UserDecryptionOptionsMigrator (to version 44) should migrate: false - up
[2025-10-23 00:48:30.303] [info]  Migrator MergeEnvironmentState (to version 45) should migrate: false - up
[2025-10-23 00:48:30.303] [info]  Migrator DeleteBiometricPromptCancelledData (to version 46) should migrate: false - up
[2025-10-23 00:48:30.303] [info]  Migrator MoveDesktopSettingsMigrator (to version 47) should migrate: false - up
[2025-10-23 00:48:30.303] [info]  Migrator MoveDdgToStateProviderMigrator (to version 48) should migrate: false - up
[2025-10-23 00:48:30.303] [info]  Migrator AccountServerConfigMigrator (to version 49) should migrate: false - up
[2025-10-23 00:48:30.303] [info]  Migrator KeyConnectorMigrator (to version 50) should migrate: false - up
[2025-10-23 00:48:30.303] [info]  Migrator RememberedEmailMigrator (to version 51) should migrate: false - up
[2025-10-23 00:48:30.303] [info]  Migrator DeleteInstalledVersion (to version 52) should migrate: false - up
[2025-10-23 00:48:30.303] [info]  Migrator DeviceTrustServiceStateProviderMigrator (to version 53) should migrate: false - up
[2025-10-23 00:48:30.303] [info]  Migrator SendMigrator (to version 54) should migrate: false - up
[2025-10-23 00:48:30.303] [info]  Migrator MoveMasterKeyStateToProviderMigrator (to version 55) should migrate: false - up
[2025-10-23 00:48:30.303] [info]  Migrator AuthRequestMigrator (to version 56) should migrate: false - up
[2025-10-23 00:48:30.303] [info]  Migrator CipherServiceMigrator (to version 57) should migrate: false - up
[2025-10-23 00:48:30.303] [info]  Migrator RemoveRefreshTokenMigratedFlagMigrator (to version 58) should migrate: false - up
[2025-10-23 00:48:30.303] [info]  Migrator KdfConfigMigrator (to version 59) should migrate: false - up
[2025-10-23 00:48:30.303] [info]  Migrator KnownAccountsMigrator (to version 60) should migrate: false - up
[2025-10-23 00:48:30.303] [info]  Migrator PinStateMigrator (to version 61) should migrate: false - up
[2025-10-23 00:48:30.303] [info]  Migrator VaultTimeoutSettingsServiceStateProviderMigrator (to version 62) should migrate: false - up
[2025-10-23 00:48:30.303] [info]  Migrator PasswordOptionsMigrator (to version 63) should migrate: false - up
[2025-10-23 00:48:30.304] [info]  Migrator GeneratorHistoryMigrator (to version 64) should migrate: false - up
[2025-10-23 00:48:30.304] [info]  Migrator ForwarderOptionsMigrator (to version 65) should migrate: false - up
[2025-10-23 00:48:30.304] [info]  Migrator MoveFinalDesktopSettingsMigrator (to version 66) should migrate: false - up
[2025-10-23 00:48:30.304] [info]  Migrator RemoveUnassignedItemsBannerDismissed (to version 67) should migrate: false - up
[2025-10-23 00:48:30.304] [info]  Migrator MoveLastSyncDate (to version 68) should migrate: false - up
[2025-10-23 00:48:30.304] [info]  Migrator MigrateIncorrectFolderKey (to version 69) should migrate: false - up
[2025-10-23 00:48:30.304] [info]  Migrator RemoveAcBannersDismissed (to version 70) should migrate: false - up
[2025-10-23 00:48:30.304] [info]  Migrator RemoveNewCustomizationOptionsCalloutDismissed (to version 71) should migrate: false - up
[2025-10-23 00:48:30.304] [info]  Migrator RemoveAccountDeprovisioningBannerDismissed (to version 72) should migrate: false - up
[2025-10-23 00:48:30.535] [info]  Coredumps are disabled in renderer process
[2025-10-23 00:48:30.535] [info]  Disabling memory dumps in main process
[2025-10-23 00:48:30.730] [info]  Native messaging server started at: /home/nrd/.cache/com.bitwarden.desktop/app.bitwarden
[2025-10-23 00:48:30.738] [warn]  Chrome not found, skipping.
[2025-10-23 00:48:30.739] [warn]  Chromium not found, skipping.
[2025-10-23 00:48:30.739] [warn]  Microsoft Edge not found, skipping.
[2025-10-23 00:48:31.304] [info]  [Native Messaging IPC] Browser integration fingerprint validation is disabled, untrusting all connected apps
[2025-10-23 00:48:31.305] [info]  State version: 72
[2025-10-23 00:48:31.313] [error] [Credential Storage Listener] getPassword failed Error: service error org.freedesktop.zbus.Error: The name is not activatable
[2025-10-23 00:48:31.358] [error] [Credential Storage Listener] getPassword failed Error: service error org.freedesktop.zbus.Error: The name is not activatable
[2025-10-23 00:48:31.375] [info]  Retrieving application id
[2025-10-23 00:48:31.946] [error] [Credential Storage Listener] getPassword failed Error: service error org.freedesktop.zbus.Error: The name is not activatable
[2025-10-23 00:48:31.950] [error] [Credential Storage Listener] setPassword failed Error: DBus error service error org.freedesktop.zbus.Error: The name is not activatable
[2025-10-23 00:48:31.952] [error] [Credential Storage Listener] getPassword failed Error: service error org.freedesktop.zbus.Error: The name is not activatable
[2025-10-23 00:48:31.952] [error] SetAccessToken: storing encrypted access token in secure storage failed. Falling back to disk storage. Error: New Access token key unable to be retrieved from secure storage.
[2025-10-23 00:48:31.961] [error] [Credential Storage Listener] setPassword failed Error: DBus error service error org.freedesktop.zbus.Error: The name is not activatable
[2025-10-23 00:48:31.963] [error] [Credential Storage Listener] getPassword failed Error: service error org.freedesktop.zbus.Error: The name is not activatable
[2025-10-23 00:48:31.964] [error] SetRefreshToken: storing refresh token in secure storage failed. Falling back to disk storage. Error: Refresh token failed to save to secure storage.
[2025-10-23 00:48:31.973] [error] [Credential Storage Listener] getPassword failed Error: service error org.freedesktop.zbus.Error: The name is not activatable
[2025-10-23 00:48:31.976] [error] [Credential Storage Listener] getPassword failed Error: service error org.freedesktop.zbus.Error: The name is not activatable
[2025-10-23 00:48:32.652] [error] [Credential Storage Listener] getPassword failed Error: service error org.freedesktop.zbus.Error: The name is not activatable
[2025-10-23 06:53:30.432] [error] [Credential Storage Listener] getPassword failed Error: service error org.freedesktop.zbus.Error: The name is not activatable
[2025-10-23 06:53:30.434] [error] [Credential Storage Listener] getPassword failed Error: service error org.freedesktop.zbus.Error: The name is not activatable
[2025-10-23 06:53:30.438] [error] [Credential Storage Listener] getPassword failed Error: service error org.freedesktop.zbus.Error: The name is not activatable
[2025-10-23 06:53:30.820] [error] [Credential Storage Listener] getPassword failed Error: service error org.freedesktop.zbus.Error: The name is not activatable
[2025-10-23 06:53:30.822] [error] [Credential Storage Listener] setPassword failed Error: DBus error service error org.freedesktop.zbus.Error: The name is not activatable
[2025-10-23 06:53:30.824] [error] [Credential Storage Listener] getPassword failed Error: service error org.freedesktop.zbus.Error: The name is not activatable
[2025-10-23 06:53:30.825] [error] SetAccessToken: storing encrypted access token in secure storage failed. Falling back to disk storage. Error: New Access token key unable to be retrieved from secure storage.
[2025-10-23 06:53:30.834] [error] [Credential Storage Listener] setPassword failed Error: DBus error service error org.freedesktop.zbus.Error: The name is not activatable
[2025-10-23 06:53:30.837] [error] [Credential Storage Listener] getPassword failed Error: service error org.freedesktop.zbus.Error: The name is not activatable
[2025-10-23 06:53:30.838] [error] SetRefreshToken: storing refresh token in secure storage failed. Falling back to disk storage. Error: Refresh token failed to save to secure storage.
[2025-10-23 12:54:23.168] [info]  Autotype disabled.
[2025-10-23 17:29:25.332] [info]  State version: 72
[2025-10-23 17:29:25.337] [info]  Migrator MinVersionMigrator (to version 3) should migrate: false - up
[2025-10-23 17:29:25.337] [info]  Migrator RemoveEverBeenUnlockedMigrator (to version 4) should migrate: false - up
[2025-10-23 17:29:25.337] [info]  Migrator AddKeyTypeToOrgKeysMigrator (to version 5) should migrate: false - up
[2025-10-23 17:29:25.337] [info]  Migrator RemoveLegacyEtmKeyMigrator (to version 6) should migrate: false - up
[2025-10-23 17:29:25.337] [info]  Migrator MoveBiometricAutoPromptToAccount (to version 7) should migrate: false - up
[2025-10-23 17:29:25.337] [info]  Migrator MoveStateVersionMigrator (to version 8) should migrate: false - up
[2025-10-23 17:29:25.337] [info]  Migrator MoveBrowserSettingsToGlobal (to version 9) should migrate: false - up
[2025-10-23 17:29:25.338] [info]  Migrator EverHadUserKeyMigrator (to version 10) should migrate: false - up
[2025-10-23 17:29:25.338] [info]  Migrator OrganizationKeyMigrator (to version 11) should migrate: false - up
[2025-10-23 17:29:25.338] [info]  Migrator MoveEnvironmentStateToProviders (to version 12) should migrate: false - up
[2025-10-23 17:29:25.338] [info]  Migrator ProviderKeyMigrator (to version 13) should migrate: false - up
[2025-10-23 17:29:25.338] [info]  Migrator MoveBiometricClientKeyHalfToStateProviders (to version 14) should migrate: false - up
[2025-10-23 17:29:25.338] [info]  Migrator FolderMigrator (to version 15) should migrate: false - up
[2025-10-23 17:29:25.338] [info]  Migrator LastSyncMigrator (to version 16) should migrate: false - up
[2025-10-23 17:29:25.338] [info]  Migrator EnablePasskeysMigrator (to version 17) should migrate: false - up
[2025-10-23 17:29:25.338] [info]  Migrator AutofillSettingsKeyMigrator (to version 18) should migrate: false - up
[2025-10-23 17:29:25.338] [info]  Migrator RequirePasswordOnStartMigrator (to version 19) should migrate: false - up
[2025-10-23 17:29:25.338] [info]  Migrator PrivateKeyMigrator (to version 20) should migrate: false - up
[2025-10-23 17:29:25.338] [info]  Migrator CollectionMigrator (to version 21) should migrate: false - up
[2025-10-23 17:29:25.338] [info]  Migrator CollapsedGroupingsMigrator (to version 22) should migrate: false - up
[2025-10-23 17:29:25.338] [info]  Migrator MoveBiometricPromptsToStateProviders (to version 23) should migrate: false - up
[2025-10-23 17:29:25.338] [info]  Migrator SmOnboardingTasksMigrator (to version 24) should migrate: false - up
[2025-10-23 17:29:25.338] [info]  Migrator ClearClipboardDelayMigrator (to version 25) should migrate: false - up
[2025-10-23 17:29:25.338] [info]  Migrator RevertLastSyncMigrator (to version 26) should migrate: false - up
[2025-10-23 17:29:25.338] [info]  Migrator BadgeSettingsMigrator (to version 27) should migrate: false - up
[2025-10-23 17:29:25.338] [info]  Migrator MoveBiometricUnlockToStateProviders (to version 28) should migrate: false - up
[2025-10-23 17:29:25.338] [info]  Migrator UserNotificationSettingsKeyMigrator (to version 29) should migrate: false - up
[2025-10-23 17:29:25.338] [info]  Migrator PolicyMigrator (to version 30) should migrate: false - up
[2025-10-23 17:29:25.338] [info]  Migrator EnableContextMenuMigrator (to version 31) should migrate: false - up
[2025-10-23 17:29:25.338] [info]  Migrator PreferredLanguageMigrator (to version 32) should migrate: false - up
[2025-10-23 17:29:25.338] [info]  Migrator AppIdMigrator (to version 33) should migrate: false - up
[2025-10-23 17:29:25.339] [info]  Migrator DomainSettingsMigrator (to version 34) should migrate: false - up
[2025-10-23 17:29:25.339] [info]  Migrator MoveThemeToStateProviderMigrator (to version 35) should migrate: false - up
[2025-10-23 17:29:25.339] [info]  Migrator VaultSettingsKeyMigrator (to version 36) should migrate: false - up
[2025-10-23 17:29:25.339] [info]  Migrator AvatarColorMigrator (to version 37) should migrate: false - up
[2025-10-23 17:29:25.339] [info]  Migrator TokenServiceStateProviderMigrator (to version 38) should migrate: false - up
[2025-10-23 17:29:25.339] [info]  Migrator MoveBillingAccountProfileMigrator (to version 39) should migrate: false - up
[2025-10-23 17:29:25.339] [info]  Migrator OrganizationMigrator (to version 40) should migrate: false - up
[2025-10-23 17:29:25.339] [info]  Migrator EventCollectionMigrator (to version 41) should migrate: false - up
[2025-10-23 17:29:25.339] [info]  Migrator EnableFaviconMigrator (to version 42) should migrate: false - up
[2025-10-23 17:29:25.339] [info]  Migrator AutoConfirmFingerPrintsMigrator (to version 43) should migrate: false - up
[2025-10-23 17:29:25.339] [info]  Migrator UserDecryptionOptionsMigrator (to version 44) should migrate: false - up
[2025-10-23 17:29:25.339] [info]  Migrator MergeEnvironmentState (to version 45) should migrate: false - up
[2025-10-23 17:29:25.339] [info]  Migrator DeleteBiometricPromptCancelledData (to version 46) should migrate: false - up
[2025-10-23 17:29:25.339] [info]  Migrator MoveDesktopSettingsMigrator (to version 47) should migrate: false - up
[2025-10-23 17:29:25.339] [info]  Migrator MoveDdgToStateProviderMigrator (to version 48) should migrate: false - up
[2025-10-23 17:29:25.339] [info]  Migrator AccountServerConfigMigrator (to version 49) should migrate: false - up
[2025-10-23 17:29:25.339] [info]  Migrator KeyConnectorMigrator (to version 50) should migrate: false - up
[2025-10-23 17:29:25.339] [info]  Migrator RememberedEmailMigrator (to version 51) should migrate: false - up
[2025-10-23 17:29:25.339] [info]  Migrator DeleteInstalledVersion (to version 52) should migrate: false - up
[2025-10-23 17:29:25.339] [info]  Migrator DeviceTrustServiceStateProviderMigrator (to version 53) should migrate: false - up
[2025-10-23 17:29:25.339] [info]  Migrator SendMigrator (to version 54) should migrate: false - up
[2025-10-23 17:29:25.339] [info]  Migrator MoveMasterKeyStateToProviderMigrator (to version 55) should migrate: false - up
[2025-10-23 17:29:25.339] [info]  Migrator AuthRequestMigrator (to version 56) should migrate: false - up
[2025-10-23 17:29:25.339] [info]  Migrator CipherServiceMigrator (to version 57) should migrate: false - up
[2025-10-23 17:29:25.339] [info]  Migrator RemoveRefreshTokenMigratedFlagMigrator (to version 58) should migrate: false - up
[2025-10-23 17:29:25.339] [info]  Migrator KdfConfigMigrator (to version 59) should migrate: false - up
[2025-10-23 17:29:25.339] [info]  Migrator KnownAccountsMigrator (to version 60) should migrate: false - up
[2025-10-23 17:29:25.339] [info]  Migrator PinStateMigrator (to version 61) should migrate: false - up
[2025-10-23 17:29:25.339] [info]  Migrator VaultTimeoutSettingsServiceStateProviderMigrator (to version 62) should migrate: false - up
[2025-10-23 17:29:25.339] [info]  Migrator PasswordOptionsMigrator (to version 63) should migrate: false - up
[2025-10-23 17:29:25.339] [info]  Migrator GeneratorHistoryMigrator (to version 64) should migrate: false - up
[2025-10-23 17:29:25.339] [info]  Migrator ForwarderOptionsMigrator (to version 65) should migrate: false - up
[2025-10-23 17:29:25.339] [info]  Migrator MoveFinalDesktopSettingsMigrator (to version 66) should migrate: false - up
[2025-10-23 17:29:25.339] [info]  Migrator RemoveUnassignedItemsBannerDismissed (to version 67) should migrate: false - up
[2025-10-23 17:29:25.339] [info]  Migrator MoveLastSyncDate (to version 68) should migrate: false - up
[2025-10-23 17:29:25.340] [info]  Migrator MigrateIncorrectFolderKey (to version 69) should migrate: false - up
[2025-10-23 17:29:25.340] [info]  Migrator RemoveAcBannersDismissed (to version 70) should migrate: false - up
[2025-10-23 17:29:25.340] [info]  Migrator RemoveNewCustomizationOptionsCalloutDismissed (to version 71) should migrate: false - up
[2025-10-23 17:29:25.340] [info]  Migrator RemoveAccountDeprovisioningBannerDismissed (to version 72) should migrate: false - up
[2025-10-23 17:29:25.555] [info]  Coredumps are disabled in renderer process
[2025-10-23 17:29:25.555] [info]  Disabling memory dumps in main process
[2025-10-23 17:29:25.722] [info]  Native messaging server started at: /home/nrd/.cache/com.bitwarden.desktop/app.bitwarden
[2025-10-23 17:29:25.727] [warn]  Chrome not found, skipping.
[2025-10-23 17:29:25.727] [warn]  Chromium not found, skipping.
[2025-10-23 17:29:25.727] [warn]  Microsoft Edge not found, skipping.
[2025-10-23 17:29:26.203] [info]  [Native Messaging IPC] Browser integration fingerprint validation is disabled, untrusting all connected apps
[2025-10-23 17:29:26.204] [info]  State version: 72
[2025-10-23 17:29:26.210] [error] [Credential Storage Listener] getPassword failed Error: service error org.freedesktop.zbus.Error: The name is not activatable
[2025-10-23 17:29:26.243] [error] [Credential Storage Listener] getPassword failed Error: service error org.freedesktop.zbus.Error: The name is not activatable
[2025-10-23 17:29:26.258] [info]  Retrieving application id
[2025-10-23 17:29:26.815] [error] Error refreshing access token:  Error: Failed to fetch
[2025-10-23 17:29:26.816] [error] Unable to fetch ServerConfig from https://api.bitwarden.com Error: Failed to fetch
[2025-10-23 17:29:27.058] [info]  Environment did not respond in time, emitting previous config.
[2025-10-23 17:34:25.671] [error] [Credential Storage Listener] getPassword failed Error: service error org.freedesktop.zbus.Error: The name is not activatable
[2025-10-23 17:34:25.673] [error] [Credential Storage Listener] getPassword failed Error: service error org.freedesktop.zbus.Error: The name is not activatable
[2025-10-23 17:34:25.677] [error] [Credential Storage Listener] getPassword failed Error: service error org.freedesktop.zbus.Error: The name is not activatable
[2025-10-23 23:34:26.085] [error] [Credential Storage Listener] getPassword failed Error: service error org.freedesktop.zbus.Error: The name is not activatable
[2025-10-23 23:34:26.087] [error] [Credential Storage Listener] getPassword failed Error: service error org.freedesktop.zbus.Error: The name is not activatable
[2025-10-23 23:34:26.091] [error] [Credential Storage Listener] getPassword failed Error: service error org.freedesktop.zbus.Error: The name is not activatable
[2025-10-23 23:34:26.699] [error] [Credential Storage Listener] getPassword failed Error: service error org.freedesktop.zbus.Error: The name is not activatable
[2025-10-23 23:34:26.704] [error] [Credential Storage Listener] setPassword failed Error: DBus error service error org.freedesktop.zbus.Error: The name is not activatable
[2025-10-23 23:34:26.706] [error] [Credential Storage Listener] getPassword failed Error: service error org.freedesktop.zbus.Error: The name is not activatable
[2025-10-23 23:34:26.706] [error] SetAccessToken: storing encrypted access token in secure storage failed. Falling back to disk storage. Error: New Access token key unable to be retrieved from secure storage.
[2025-10-23 23:34:26.716] [error] [Credential Storage Listener] setPassword failed Error: DBus error service error org.freedesktop.zbus.Error: The name is not activatable
[2025-10-23 23:34:26.720] [error] [Credential Storage Listener] getPassword failed Error: service error org.freedesktop.zbus.Error: The name is not activatable
[2025-10-23 23:34:26.720] [error] SetRefreshToken: storing refresh token in secure storage failed. Falling back to disk storage. Error: Refresh token failed to save to secure storage.
[2025-10-24 05:34:27.284] [error] [Credential Storage Listener] getPassword failed Error: service error org.freedesktop.zbus.Error: The name is not activatable
[2025-10-24 05:34:27.287] [error] [Credential Storage Listener] getPassword failed Error: service error org.freedesktop.zbus.Error: The name is not activatable
[2025-10-24 05:34:27.291] [error] [Credential Storage Listener] getPassword failed Error: service error org.freedesktop.zbus.Error: The name is not activatable
[2025-10-24 05:34:27.691] [error] [Credential Storage Listener] getPassword failed Error: service error org.freedesktop.zbus.Error: The name is not activatable
[2025-10-24 05:34:27.693] [error] [Credential Storage Listener] setPassword failed Error: DBus error service error org.freedesktop.zbus.Error: The name is not activatable
[2025-10-24 05:34:27.695] [error] [Credential Storage Listener] getPassword failed Error: service error org.freedesktop.zbus.Error: The name is not activatable
[2025-10-24 05:34:27.696] [error] SetAccessToken: storing encrypted access token in secure storage failed. Falling back to disk storage. Error: New Access token key unable to be retrieved from secure storage.
[2025-10-24 05:34:27.706] [error] [Credential Storage Listener] setPassword failed Error: DBus error service error org.freedesktop.zbus.Error: The name is not activatable
[2025-10-24 05:34:27.712] [error] [Credential Storage Listener] getPassword failed Error: service error org.freedesktop.zbus.Error: The name is not activatable
[2025-10-24 05:34:27.712] [error] SetRefreshToken: storing refresh token in secure storage failed. Falling back to disk storage. Error: Refresh token failed to save to secure storage.
[2025-10-24 14:34:37.634] [error] [Credential Storage Listener] getPassword failed Error: service error org.freedesktop.zbus.Error: The name is not activatable
[2025-10-24 14:34:37.636] [error] [Credential Storage Listener] getPassword failed Error: service error org.freedesktop.zbus.Error: The name is not activatable
[2025-10-24 14:34:37.641] [error] [Credential Storage Listener] getPassword failed Error: service error org.freedesktop.zbus.Error: The name is not activatable
[2025-10-24 14:34:38.088] [error] [Credential Storage Listener] getPassword failed Error: service error org.freedesktop.zbus.Error: The name is not activatable
[2025-10-24 14:34:38.090] [error] [Credential Storage Listener] setPassword failed Error: DBus error service error org.freedesktop.zbus.Error: The name is not activatable
[2025-10-24 14:34:38.092] [error] [Credential Storage Listener] getPassword failed Error: service error org.freedesktop.zbus.Error: The name is not activatable
[2025-10-24 14:34:38.092] [error] SetAccessToken: storing encrypted access token in secure storage failed. Falling back to disk storage. Error: New Access token key unable to be retrieved from secure storage.
[2025-10-24 14:34:38.114] [error] [Credential Storage Listener] setPassword failed Error: DBus error service error org.freedesktop.zbus.Error: The name is not activatable
[2025-10-24 14:34:38.121] [error] [Credential Storage Listener] getPassword failed Error: service error org.freedesktop.zbus.Error: The name is not activatable
[2025-10-24 14:34:38.122] [error] SetRefreshToken: storing refresh token in secure storage failed. Falling back to disk storage. Error: Refresh token failed to save to secure storage.
[2025-10-26 08:29:51.824] [error] [Credential Storage Listener] getPassword failed Error: service error org.freedesktop.zbus.Error: The name is not activatable
[2025-10-26 08:29:51.826] [error] [Credential Storage Listener] getPassword failed Error: service error org.freedesktop.zbus.Error: The name is not activatable
[2025-10-26 08:29:51.829] [error] [Credential Storage Listener] getPassword failed Error: service error org.freedesktop.zbus.Error: The name is not activatable
[2025-10-26 08:29:52.349] [error] [Credential Storage Listener] getPassword failed Error: service error org.freedesktop.zbus.Error: The name is not activatable
[2025-10-26 08:29:52.351] [error] [Credential Storage Listener] setPassword failed Error: DBus error service error org.freedesktop.zbus.Error: The name is not activatable
[2025-10-26 08:29:52.353] [error] [Credential Storage Listener] getPassword failed Error: service error org.freedesktop.zbus.Error: The name is not activatable
[2025-10-26 08:29:52.354] [error] SetAccessToken: storing encrypted access token in secure storage failed. Falling back to disk storage. Error: New Access token key unable to be retrieved from secure storage.
[2025-10-26 08:29:52.363] [error] [Credential Storage Listener] setPassword failed Error: DBus error service error org.freedesktop.zbus.Error: The name is not activatable
[2025-10-26 08:29:52.371] [error] [Credential Storage Listener] getPassword failed Error: service error org.freedesktop.zbus.Error: The name is not activatable
[2025-10-26 08:29:52.371] [error] SetRefreshToken: storing refresh token in secure storage failed. Falling back to disk storage. Error: Refresh token failed to save to secure storage.
[2025-10-26 14:29:52.951] [error] [Credential Storage Listener] getPassword failed Error: service error org.freedesktop.zbus.Error: The name is not activatable
[2025-10-26 14:29:52.953] [error] [Credential Storage Listener] getPassword failed Error: service error org.freedesktop.zbus.Error: The name is not activatable
[2025-10-26 14:29:52.957] [error] [Credential Storage Listener] getPassword failed Error: service error org.freedesktop.zbus.Error: The name is not activatable
[2025-10-26 14:29:53.215] [error] [Credential Storage Listener] getPassword failed Error: service error org.freedesktop.zbus.Error: The name is not activatable
[2025-10-26 14:29:53.216] [error] [Credential Storage Listener] setPassword failed Error: DBus error service error org.freedesktop.zbus.Error: The name is not activatable
[2025-10-26 14:29:53.218] [error] [Credential Storage Listener] getPassword failed Error: service error org.freedesktop.zbus.Error: The name is not activatable
[2025-10-26 14:29:53.219] [error] SetAccessToken: storing encrypted access token in secure storage failed. Falling back to disk storage. Error: New Access token key unable to be retrieved from secure storage.
[2025-10-26 14:29:53.227] [error] [Credential Storage Listener] setPassword failed Error: DBus error service error org.freedesktop.zbus.Error: The name is not activatable
[2025-10-26 14:29:53.236] [error] [Credential Storage Listener] getPassword failed Error: service error org.freedesktop.zbus.Error: The name is not activatable
[2025-10-26 14:29:53.236] [error] SetRefreshToken: storing refresh token in secure storage failed. Falling back to disk storage. Error: Refresh token failed to save to secure storage.
[2025-10-27 21:35:26.101] [error] [Credential Storage Listener] getPassword failed Error: service error org.freedesktop.zbus.Error: The name is not activatable
[2025-10-27 21:35:26.103] [error] [Credential Storage Listener] getPassword failed Error: service error org.freedesktop.zbus.Error: The name is not activatable
[2025-10-27 21:35:26.107] [error] [Credential Storage Listener] getPassword failed Error: service error org.freedesktop.zbus.Error: The name is not activatable
[2025-10-27 21:35:26.398] [error] [Credential Storage Listener] getPassword failed Error: service error org.freedesktop.zbus.Error: The name is not activatable
[2025-10-27 21:35:26.400] [error] [Credential Storage Listener] setPassword failed Error: DBus error service error org.freedesktop.zbus.Error: The name is not activatable
[2025-10-27 21:35:26.402] [error] [Credential Storage Listener] getPassword failed Error: service error org.freedesktop.zbus.Error: The name is not activatable
[2025-10-27 21:35:26.402] [error] SetAccessToken: storing encrypted access token in secure storage failed. Falling back to disk storage. Error: New Access token key unable to be retrieved from secure storage.
[2025-10-27 21:35:26.414] [error] [Credential Storage Listener] setPassword failed Error: DBus error service error org.freedesktop.zbus.Error: The name is not activatable
[2025-10-27 21:35:26.426] [error] [Credential Storage Listener] getPassword failed Error: service error org.freedesktop.zbus.Error: The name is not activatable
[2025-10-27 21:35:26.426] [error] SetRefreshToken: storing refresh token in secure storage failed. Falling back to disk storage. Error: Refresh token failed to save to secure storage.
[2025-10-27 21:51:13.503] [info]  Autotype disabled.
[2025-10-27 21:52:50.132] [info]  State version: 72
[2025-10-27 21:52:50.137] [info]  Migrator MinVersionMigrator (to version 3) should migrate: false - up
[2025-10-27 21:52:50.137] [info]  Migrator RemoveEverBeenUnlockedMigrator (to version 4) should migrate: false - up
[2025-10-27 21:52:50.137] [info]  Migrator AddKeyTypeToOrgKeysMigrator (to version 5) should migrate: false - up
[2025-10-27 21:52:50.137] [info]  Migrator RemoveLegacyEtmKeyMigrator (to version 6) should migrate: false - up
[2025-10-27 21:52:50.137] [info]  Migrator MoveBiometricAutoPromptToAccount (to version 7) should migrate: false - up
[2025-10-27 21:52:50.137] [info]  Migrator MoveStateVersionMigrator (to version 8) should migrate: false - up
[2025-10-27 21:52:50.137] [info]  Migrator MoveBrowserSettingsToGlobal (to version 9) should migrate: false - up
[2025-10-27 21:52:50.137] [info]  Migrator EverHadUserKeyMigrator (to version 10) should migrate: false - up
[2025-10-27 21:52:50.138] [info]  Migrator OrganizationKeyMigrator (to version 11) should migrate: false - up
[2025-10-27 21:52:50.138] [info]  Migrator MoveEnvironmentStateToProviders (to version 12) should migrate: false - up
[2025-10-27 21:52:50.138] [info]  Migrator ProviderKeyMigrator (to version 13) should migrate: false - up
[2025-10-27 21:52:50.138] [info]  Migrator MoveBiometricClientKeyHalfToStateProviders (to version 14) should migrate: false - up
[2025-10-27 21:52:50.138] [info]  Migrator FolderMigrator (to version 15) should migrate: false - up
[2025-10-27 21:52:50.138] [info]  Migrator LastSyncMigrator (to version 16) should migrate: false - up
[2025-10-27 21:52:50.138] [info]  Migrator EnablePasskeysMigrator (to version 17) should migrate: false - up
[2025-10-27 21:52:50.138] [info]  Migrator AutofillSettingsKeyMigrator (to version 18) should migrate: false - up
[2025-10-27 21:52:50.138] [info]  Migrator RequirePasswordOnStartMigrator (to version 19) should migrate: false - up
[2025-10-27 21:52:50.138] [info]  Migrator PrivateKeyMigrator (to version 20) should migrate: false - up
[2025-10-27 21:52:50.138] [info]  Migrator CollectionMigrator (to version 21) should migrate: false - up
[2025-10-27 21:52:50.138] [info]  Migrator CollapsedGroupingsMigrator (to version 22) should migrate: false - up
[2025-10-27 21:52:50.138] [info]  Migrator MoveBiometricPromptsToStateProviders (to version 23) should migrate: false - up
[2025-10-27 21:52:50.138] [info]  Migrator SmOnboardingTasksMigrator (to version 24) should migrate: false - up
[2025-10-27 21:52:50.138] [info]  Migrator ClearClipboardDelayMigrator (to version 25) should migrate: false - up
[2025-10-27 21:52:50.138] [info]  Migrator RevertLastSyncMigrator (to version 26) should migrate: false - up
[2025-10-27 21:52:50.138] [info]  Migrator BadgeSettingsMigrator (to version 27) should migrate: false - up
[2025-10-27 21:52:50.138] [info]  Migrator MoveBiometricUnlockToStateProviders (to version 28) should migrate: false - up
[2025-10-27 21:52:50.138] [info]  Migrator UserNotificationSettingsKeyMigrator (to version 29) should migrate: false - up
[2025-10-27 21:52:50.139] [info]  Migrator PolicyMigrator (to version 30) should migrate: false - up
[2025-10-27 21:52:50.139] [info]  Migrator EnableContextMenuMigrator (to version 31) should migrate: false - up
[2025-10-27 21:52:50.139] [info]  Migrator PreferredLanguageMigrator (to version 32) should migrate: false - up
[2025-10-27 21:52:50.139] [info]  Migrator AppIdMigrator (to version 33) should migrate: false - up
[2025-10-27 21:52:50.139] [info]  Migrator DomainSettingsMigrator (to version 34) should migrate: false - up
[2025-10-27 21:52:50.139] [info]  Migrator MoveThemeToStateProviderMigrator (to version 35) should migrate: false - up
[2025-10-27 21:52:50.139] [info]  Migrator VaultSettingsKeyMigrator (to version 36) should migrate: false - up
[2025-10-27 21:52:50.139] [info]  Migrator AvatarColorMigrator (to version 37) should migrate: false - up
[2025-10-27 21:52:50.139] [info]  Migrator TokenServiceStateProviderMigrator (to version 38) should migrate: false - up
[2025-10-27 21:52:50.139] [info]  Migrator MoveBillingAccountProfileMigrator (to version 39) should migrate: false - up
[2025-10-27 21:52:50.139] [info]  Migrator OrganizationMigrator (to version 40) should migrate: false - up
[2025-10-27 21:52:50.139] [info]  Migrator EventCollectionMigrator (to version 41) should migrate: false - up
[2025-10-27 21:52:50.139] [info]  Migrator EnableFaviconMigrator (to version 42) should migrate: false - up
[2025-10-27 21:52:50.139] [info]  Migrator AutoConfirmFingerPrintsMigrator (to version 43) should migrate: false - up
[2025-10-27 21:52:50.139] [info]  Migrator UserDecryptionOptionsMigrator (to version 44) should migrate: false - up
[2025-10-27 21:52:50.139] [info]  Migrator MergeEnvironmentState (to version 45) should migrate: false - up
[2025-10-27 21:52:50.139] [info]  Migrator DeleteBiometricPromptCancelledData (to version 46) should migrate: false - up
[2025-10-27 21:52:50.139] [info]  Migrator MoveDesktopSettingsMigrator (to version 47) should migrate: false - up
[2025-10-27 21:52:50.139] [info]  Migrator MoveDdgToStateProviderMigrator (to version 48) should migrate: false - up
[2025-10-27 21:52:50.139] [info]  Migrator AccountServerConfigMigrator (to version 49) should migrate: false - up
[2025-10-27 21:52:50.139] [info]  Migrator KeyConnectorMigrator (to version 50) should migrate: false - up
[2025-10-27 21:52:50.139] [info]  Migrator RememberedEmailMigrator (to version 51) should migrate: false - up
[2025-10-27 21:52:50.139] [info]  Migrator DeleteInstalledVersion (to version 52) should migrate: false - up
[2025-10-27 21:52:50.139] [info]  Migrator DeviceTrustServiceStateProviderMigrator (to version 53) should migrate: false - up
[2025-10-27 21:52:50.139] [info]  Migrator SendMigrator (to version 54) should migrate: false - up
[2025-10-27 21:52:50.139] [info]  Migrator MoveMasterKeyStateToProviderMigrator (to version 55) should migrate: false - up
[2025-10-27 21:52:50.140] [info]  Migrator AuthRequestMigrator (to version 56) should migrate: false - up
[2025-10-27 21:52:50.140] [info]  Migrator CipherServiceMigrator (to version 57) should migrate: false - up
[2025-10-27 21:52:50.140] [info]  Migrator RemoveRefreshTokenMigratedFlagMigrator (to version 58) should migrate: false - up
[2025-10-27 21:52:50.140] [info]  Migrator KdfConfigMigrator (to version 59) should migrate: false - up
[2025-10-27 21:52:50.140] [info]  Migrator KnownAccountsMigrator (to version 60) should migrate: false - up
[2025-10-27 21:52:50.140] [info]  Migrator PinStateMigrator (to version 61) should migrate: false - up
[2025-10-27 21:52:50.140] [info]  Migrator VaultTimeoutSettingsServiceStateProviderMigrator (to version 62) should migrate: false - up
[2025-10-27 21:52:50.140] [info]  Migrator PasswordOptionsMigrator (to version 63) should migrate: false - up
[2025-10-27 21:52:50.140] [info]  Migrator GeneratorHistoryMigrator (to version 64) should migrate: false - up
[2025-10-27 21:52:50.140] [info]  Migrator ForwarderOptionsMigrator (to version 65) should migrate: false - up
[2025-10-27 21:52:50.140] [info]  Migrator MoveFinalDesktopSettingsMigrator (to version 66) should migrate: false - up
[2025-10-27 21:52:50.140] [info]  Migrator RemoveUnassignedItemsBannerDismissed (to version 67) should migrate: false - up
[2025-10-27 21:52:50.140] [info]  Migrator MoveLastSyncDate (to version 68) should migrate: false - up
[2025-10-27 21:52:50.140] [info]  Migrator MigrateIncorrectFolderKey (to version 69) should migrate: false - up
[2025-10-27 21:52:50.140] [info]  Migrator RemoveAcBannersDismissed (to version 70) should migrate: false - up
[2025-10-27 21:52:50.140] [info]  Migrator RemoveNewCustomizationOptionsCalloutDismissed (to version 71) should migrate: false - up
[2025-10-27 21:52:50.140] [info]  Migrator RemoveAccountDeprovisioningBannerDismissed (to version 72) should migrate: false - up
[2025-10-27 21:52:50.380] [info]  Coredumps are disabled in renderer process
[2025-10-27 21:52:50.381] [info]  Disabling memory dumps in main process
[2025-10-27 21:52:50.527] [info]  Native messaging server started at: /home/nrd/.cache/com.bitwarden.desktop/app.bitwarden
[2025-10-27 21:52:50.536] [warn]  Chrome not found, skipping.
[2025-10-27 21:52:50.537] [warn]  Chromium not found, skipping.
[2025-10-27 21:52:50.537] [warn]  Microsoft Edge not found, skipping.
[2025-10-27 21:52:50.969] [info]  [Native Messaging IPC] Browser integration fingerprint validation is disabled, untrusting all connected apps
[2025-10-27 21:52:50.971] [info]  State version: 72
[2025-10-27 21:52:50.978] [error] [Credential Storage Listener] getPassword failed Error: service error org.freedesktop.zbus.Error: The name is not activatable
[2025-10-27 21:52:51.007] [error] [Credential Storage Listener] getPassword failed Error: service error org.freedesktop.zbus.Error: The name is not activatable
[2025-10-27 21:52:51.021] [info]  Retrieving application id
[2025-10-27 21:52:51.401] [error] [Credential Storage Listener] getPassword failed Error: service error org.freedesktop.zbus.Error: The name is not activatable
[2025-10-27 21:52:51.406] [error] [Credential Storage Listener] setPassword failed Error: DBus error service error org.freedesktop.zbus.Error: The name is not activatable
[2025-10-27 21:52:51.408] [error] [Credential Storage Listener] getPassword failed Error: service error org.freedesktop.zbus.Error: The name is not activatable
[2025-10-27 21:52:51.409] [error] SetAccessToken: storing encrypted access token in secure storage failed. Falling back to disk storage. Error: New Access token key unable to be retrieved from secure storage.
[2025-10-27 21:52:51.420] [error] [Credential Storage Listener] setPassword failed Error: DBus error service error org.freedesktop.zbus.Error: The name is not activatable
[2025-10-27 21:52:51.422] [error] [Credential Storage Listener] getPassword failed Error: service error org.freedesktop.zbus.Error: The name is not activatable
[2025-10-27 21:52:51.422] [error] SetRefreshToken: storing refresh token in secure storage failed. Falling back to disk storage. Error: Refresh token failed to save to secure storage.
[2025-10-27 21:52:51.451] [error] [Credential Storage Listener] getPassword failed Error: service error org.freedesktop.zbus.Error: The name is not activatable
[2025-10-27 21:52:51.453] [error] [Credential Storage Listener] getPassword failed Error: service error org.freedesktop.zbus.Error: The name is not activatable
[2025-10-27 21:52:52.463] [error] [Credential Storage Listener] getPassword failed Error: service error org.freedesktop.zbus.Error: The name is not activatable
[2025-10-28 03:57:50.703] [error] [Credential Storage Listener] getPassword failed Error: service error org.freedesktop.zbus.Error: The name is not activatable
[2025-10-28 03:57:50.705] [error] [Credential Storage Listener] getPassword failed Error: service error org.freedesktop.zbus.Error: The name is not activatable
[2025-10-28 03:57:50.709] [error] [Credential Storage Listener] getPassword failed Error: service error org.freedesktop.zbus.Error: The name is not activatable
[2025-10-28 03:57:50.959] [error] [Credential Storage Listener] getPassword failed Error: service error org.freedesktop.zbus.Error: The name is not activatable
[2025-10-28 03:57:50.961] [error] [Credential Storage Listener] setPassword failed Error: DBus error service error org.freedesktop.zbus.Error: The name is not activatable
[2025-10-28 03:57:50.963] [error] [Credential Storage Listener] getPassword failed Error: service error org.freedesktop.zbus.Error: The name is not activatable
[2025-10-28 03:57:50.963] [error] SetAccessToken: storing encrypted access token in secure storage failed. Falling back to disk storage. Error: New Access token key unable to be retrieved from secure storage.
[2025-10-28 03:57:50.970] [error] [Credential Storage Listener] setPassword failed Error: DBus error service error org.freedesktop.zbus.Error: The name is not activatable
[2025-10-28 03:57:50.974] [error] [Credential Storage Listener] getPassword failed Error: service error org.freedesktop.zbus.Error: The name is not activatable
[2025-10-28 03:57:50.974] [error] SetRefreshToken: storing refresh token in secure storage failed. Falling back to disk storage. Error: Refresh token failed to save to secure storage.
[2025-10-28 09:57:52.451] [error] [Credential Storage Listener] getPassword failed Error: service error org.freedesktop.zbus.Error: The name is not activatable
[2025-10-28 09:57:52.453] [error] [Credential Storage Listener] getPassword failed Error: service error org.freedesktop.zbus.Error: The name is not activatable
[2025-10-28 09:57:52.456] [error] [Credential Storage Listener] getPassword failed Error: service error org.freedesktop.zbus.Error: The name is not activatable
[2025-10-28 09:57:52.709] [error] [Credential Storage Listener] getPassword failed Error: service error org.freedesktop.zbus.Error: The name is not activatable
[2025-10-28 09:57:52.711] [error] [Credential Storage Listener] setPassword failed Error: DBus error service error org.freedesktop.zbus.Error: The name is not activatable
[2025-10-28 09:57:52.713] [error] [Credential Storage Listener] getPassword failed Error: service error org.freedesktop.zbus.Error: The name is not activatable
[2025-10-28 09:57:52.713] [error] SetAccessToken: storing encrypted access token in secure storage failed. Falling back to disk storage. Error: New Access token key unable to be retrieved from secure storage.
[2025-10-28 09:57:52.722] [error] [Credential Storage Listener] setPassword failed Error: DBus error service error org.freedesktop.zbus.Error: The name is not activatable
[2025-10-28 09:57:52.728] [error] [Credential Storage Listener] getPassword failed Error: service error org.freedesktop.zbus.Error: The name is not activatable
[2025-10-28 09:57:52.728] [error] SetRefreshToken: storing refresh token in secure storage failed. Falling back to disk storage. Error: Refresh token failed to save to secure storage.
[2025-10-28 21:12:38.784] [error] [Credential Storage Listener] getPassword failed Error: service error org.freedesktop.zbus.Error: The name is not activatable
[2025-10-28 21:12:38.786] [error] [Credential Storage Listener] getPassword failed Error: service error org.freedesktop.zbus.Error: The name is not activatable
[2025-10-28 21:12:38.790] [error] [Credential Storage Listener] getPassword failed Error: service error org.freedesktop.zbus.Error: The name is not activatable
[2025-10-28 21:12:39.175] [error] [Credential Storage Listener] getPassword failed Error: service error org.freedesktop.zbus.Error: The name is not activatable
[2025-10-28 21:12:39.178] [error] [Credential Storage Listener] setPassword failed Error: DBus error service error org.freedesktop.zbus.Error: The name is not activatable
[2025-10-28 21:12:39.180] [error] [Credential Storage Listener] getPassword failed Error: service error org.freedesktop.zbus.Error: The name is not activatable
[2025-10-28 21:12:39.180] [error] SetAccessToken: storing encrypted access token in secure storage failed. Falling back to disk storage. Error: New Access token key unable to be retrieved from secure storage.
[2025-10-28 21:12:39.203] [error] [Credential Storage Listener] setPassword failed Error: DBus error service error org.freedesktop.zbus.Error: The name is not activatable
[2025-10-28 21:12:39.211] [error] [Credential Storage Listener] getPassword failed Error: service error org.freedesktop.zbus.Error: The name is not activatable
[2025-10-28 21:12:39.212] [error] SetRefreshToken: storing refresh token in secure storage failed. Falling back to disk storage. Error: Refresh token failed to save to secure storage.
[2025-10-29 02:53:21.544] [info]  Autotype disabled.
